<?xml version="1.0" encoding="utf-8"?><testsuites name="pytest tests"><testsuite name="pytest" errors="0" failures="0" skipped="0" tests="43" time="7.457" timestamp="2026-10-02T03:40:04.101195+02:00" hostname="77eec6f16c35"><testcase classname="tests.test_backend" name="test_auth_csrf_logout_revocation" time="0.182" /><testcase classname="tests.test_backend" name="test_rate_limit_persists" time="0.460" /><testcase classname="tests.test_backend" name="test_loopback_and_host" time="0.081" /><testcase classname="tests.test_backend" name="test_invalid_client[data0]" time="0.159" /><testcase classname="tests.test_backend" name="test_invalid_client[data1]" time="0.158" /><testcase classname="tests.test_backend" name="test_invalid_client[data2]" time="0.162" /><testcase classname="tests.test_backend" name="test_invalid_client[data3]" time="0.166" /><testcase classname="tests.test_backend" name="test_invalid_client[data4]" time="0.160" /><testcase classname="tests.test_backend" name="test_invalid_client[data5]" time="0.158" /><testcase classname="tests.test_backend" name="test_malformed_json" time="0.156" /><testcase classname="tests.test_backend" name="test_crud_unicode_and_phone" time="0.164" /><testcase classname="tests.test_backend" name="test_invalid_vehicle[data0]" time="0.161" /><testcase classname="tests.test_backend" name="test_invalid_vehicle[data1]" time="0.160" /><testcase classname="tests.test_backend" name="test_invalid_vehicle[data2]" time="0.167" /><testcase classname="tests.test_backend" name="test_invalid_vehicle[data3]" time="0.156" /><testcase classname="tests.test_backend" name="test_invalid_vehicle[data4]" time="0.153" /><testcase classname="tests.test_backend" name="test_vehicle_crud_and_uniqueness" time="0.167" /><testcase classname="tests.test_backend" name="test_unknown_reception_and_missing_client" time="0.162" /><testcase classname="tests.test_backend" name="test_duplicate_active_order" time="0.165" /><testcase classname="tests.test_backend" name="test_known_vehicle_inherits_contact" time="0.168" /><testcase classname="tests.test_backend" name="test_full_lifecycle_snapshots_and_history" time="0.170" /><testcase classname="tests.test_backend" name="test_ready_edit_requires_reconfirmation" time="0.170" /><testcase classname="tests.test_backend" name="test_cancel_requires_reason_and_confirmation" time="0.181" /><testcase classname="tests.test_backend" name="test_plate_change_during_active_order" time="0.160" /><testcase classname="tests.test_backend" name="test_concurrent_reception_single_order" time="0.100" /><testcase classname="tests.test_backend" name="test_database_constraints_and_rollback" time="0.258" /><testcase classname="tests.test_backend" name="test_invalid_filters[limit=0]" time="0.156" /><testcase classname="tests.test_backend" name="test_invalid_filters[limit=101]" time="0.159" /><testcase classname="tests.test_backend" name="test_invalid_filters[offset=-1]" time="0.188" /><testcase classname="tests.test_backend" name="test_invalid_filters[status=unknown]" time="0.239" /><testcase classname="tests.test_backend" name="test_invalid_filters[date_from=2026-02-30]" time="0.160" /><testcase classname="tests.test_backend" name="test_invalid_filters[date_from=2026-10-02&amp;date_to=2026-01-01]" time="0.163" /><testcase classname="tests.test_backend" name="test_pagination_and_literal_sql" time="0.160" /><testcase classname="tests.test_backend" name="test_persistence_after_restart" time="0.190" /><testcase classname="tests.test_backend" name="test_attachment_validated_and_downloaded" time="0.181" /><testcase classname="tests.test_backend" name="test_invalid_images_and_crop" time="0.267" /><testcase classname="tests.test_backend" name="test_ocr_missing_dependency" time="0.168" /><testcase classname="tests.test_backend" name="test_ocr_success_and_timeout" time="0.165" /><testcase classname="tests.test_backend" name="test_backup_restore_roundtrip" time="0.173" /><testcase classname="tests.test_backend" name="test_bad_backup_never_changes_data[checksum]" time="0.163" /><testcase classname="tests.test_backend" name="test_bad_backup_never_changes_data[traversal]" time="0.161" /><testcase classname="tests.test_backend" name="test_bad_backup_never_changes_data[schema]" time="0.167" /><testcase classname="tests.test_backend" name="test_process_lock" time="0.001" /></testsuite></testsuites>